// Jest Snapshot v1, https://goo.gl/fbAQLP

exports[`Swell Rendering matches to snapshot 1`] = `<Text />`;
